// Jest Snapshot v1, https://goo.gl/fbAQLP

exports[`<StartPage /> Snaphot must match startPageDefault 1`] = `<div />`;
