// Jest Snapshot v1, https://goo.gl/fbAQLP

exports[`<HomeTemplate /> Snaphot must match defaultRender 1`] = `
<div
  className="homeTemplate"
>
  <div
    className="ribbonTop"
  />
  <div
    className="header"
  >
    <div
      className="navigationBar"
    >
      <div
        className="maxWidth"
      >
        <div
          className="maxWidthLeft"
        >
          <div
            className="maxWidthLeftLogo"
          >
            <svg
              className=""
              height={26}
              viewBox="0 0 528 96"
              width={143}
            >
              <g
                fillRule="evenodd"
              >
                <path
                  d="M119.692 23.506v6.355l3.857.219-2.328 33.089c-.219 1.826-.583 2.337-1.965 2.556l-2.256.22v6.135h17.319v-6.355l-3.639-.219 1.456-26.296h.145l10.26 27.684h7.641l10.552-28.049h.218l1.237 24.397c.073 1.826-.218 2.264-1.601 2.483l-2.256.22v6.135h17.392v-6.355l-3.711-.219-2.256-33.235c-.219-1.534.51-2.191 1.892-2.41l2.183-.22v-6.135H157.75l-11.133 30.897h-.219l-10.697-30.897h-16.009zm92.488 13.221c-5.53-2.118-10.842-2.63-13.389-2.63-13.17 0-19.574 8.254-19.574 21.11 0 9.934 3.784 17.823 14.553 17.823 4.657 0 7.932-1.973 9.678-4.675l.291.073.291 3.652h11.789v-5.843l-2.038-.147c-1.237-.073-1.6-.584-1.6-2.045V36.727zM202.14 59.955c0 2.922-2.11 5.624-6.113 5.624-5.24 0-6.55-5.259-6.55-10.883 0-6.94 1.82-13.075 8.15-13.075 1.82 0 3.567.365 4.513.73v17.604zm37.111-17.677c.8 0 1.383.073 1.82.22.509.219.654.584.654 1.752v4.821l8.223-.584V35.339c-1.965-.876-4.584-1.242-6.695-1.242-6.04 0-9.168 3.653-10.333 6.574h-.145v-5.624h-13.317v6.136l2.474.219c1.237.073 1.674.584 1.674 2.045V63.68c0 1.68-.218 2.191-1.746 2.41l-2.329.22v5.77h20.157v-6.063l-6.04-.292V49.071c0-3.871 2.11-6.793 5.603-6.793zm28.307 14.39c1.528-.22 2.91-.438 4.366-1.023l6.986 16.435h12.225v-6.063l-3.93-.219-6.622-14.316c3.493-2.849 5.458-6.501 5.967-10.007l3.275-.438v-5.99h-16.082v5.916l1.892.22c.946.219 1.528.438 1.528 1.387 0 3.36-5.166 6.501-9.605 7.086V20h-14.263v6.136l2.475.219c1.382.073 1.673.584 1.673 2.118v35.353c0 1.68-.436 2.045-1.673 2.264l-2.33.22v5.77h17.392v-6.063l-3.274-.219v-9.13zm25.032-14.536h4.948v17.896c0 6.209.582 13.075 11.934 13.075 3.784 0 7.277-.95 9.315-2.338l-1.674-6.939c-1.164.657-2.91 1.242-4.876 1.242-2.91 0-4.438-1.169-4.438-5.478V42.132h8.659l.364-7.085h-9.023v-8.4h-5.604c-1.528 4.383-3.492 8.254-8.732 9.203l-.873 6.282zM325.771 78.8c0 1.826-.364 2.118-1.746 2.337l-2.256.293v5.77h20.375v-6.063l-6.258-.365v-9.495c1.965 1.095 4.657 1.826 7.277 1.826 10.26 0 15.572-7.89 15.572-20.672 0-11.76-4.584-18.334-13.098-18.334-4.075 0-8.15 1.461-10.406 5.479h-.145v-4.529h-13.463v6.136l2.402.146c1.164.073 1.746.73 1.746 2.118V78.8zm10.188-31.263c0-2.337 1.892-5.697 6.112-5.697 5.312 0 6.404 5.843 6.404 11.833 0 6.647-1.674 11.833-7.131 11.833-1.82 0-3.93-.657-5.385-1.753V47.537zM376.854 20h-14.262v6.136l2.401.219c1.383.073 1.747.584 1.747 2.118V63.68c0 1.826-.291 2.118-1.674 2.337l-2.329.293v5.77h17.901v-6.063l-3.784-.219V20zm40.532 16.727c-5.53-2.118-10.842-2.63-13.39-2.63-13.17 0-19.574 8.254-19.574 21.11 0 9.934 3.784 17.823 14.554 17.823 4.657 0 7.932-1.973 9.678-4.675l.291.073.291 3.652h11.789v-5.843l-2.038-.147c-1.237-.073-1.6-.584-1.6-2.045V36.727zm-10.042 23.228c0 2.922-2.11 5.624-6.112 5.624-5.24 0-6.55-5.259-6.55-10.883 0-6.94 1.82-13.075 8.15-13.075 1.82 0 3.566.365 4.512.73v17.604zm50.792-23.228c-5.53-2.118-10.842-2.63-13.39-2.63-13.17 0-19.574 8.254-19.574 21.11 0 9.934 3.784 17.823 14.554 17.823 4.657 0 7.932-1.973 9.678-4.675l.291.073.291 3.652h11.789v-5.843l-2.038-.147c-1.237-.073-1.6-.584-1.6-2.045V36.727zm-10.042 23.228c0 2.922-2.11 5.624-6.112 5.624-5.24 0-6.55-5.259-6.55-10.883 0-6.94 1.82-13.075 8.15-13.075 1.82 0 3.566.365 4.512.73v17.604zm16.227-17.823h4.949v17.896c0 6.209.582 13.075 11.934 13.075 3.784 0 7.276-.95 9.314-2.338l-1.674-6.939c-1.164.657-2.91 1.242-4.875 1.242-2.91 0-4.439-1.169-4.439-5.478V42.132h8.66l.363-7.085h-9.023v-8.4h-5.603c-1.528 4.383-3.493 8.254-8.732 9.203l-.874 6.282zm49.192-.657c.873.292 1.018.803 1.018 1.972v2.995l7.204-.585v-9.13c-3.201-1.753-7.567-2.63-11.57-2.63-8.732 0-15.208 4.164-15.208 11.98 0 7.888 5.53 9.568 10.77 10.956 4.074.95 6.912 1.68 6.912 4.82 0 3.142-2.255 4.237-5.675 4.237-1.456 0-2.984-.292-3.93-.657-.873-.292-1.091-.73-1.091-1.826V60.32l-7.277.584v9.715c2.838 1.534 8.44 2.484 12.88 2.484 9.387 0 15.354-4.456 15.354-12.345 0-7.596-5.749-9.276-11.061-10.883-3.857-1.169-6.986-1.753-6.986-5.04 0-2.557 2.183-3.798 5.094-3.798 1.164 0 2.474.073 3.566.438z"
                  fill="#2D3C4D"
                />
                <path
                  d="M48.018 0C21.498 0 0 21.492 0 48s21.497 48 48.018 48 48.019-21.492 48.019-48S74.539 0 48.018 0"
                  fill="#EEA566"
                />
                <path
                  d="M64.19 36.65a8.877 8.877 0 0 1 0 12.782L51.196 62.09c-3.623 3.533-9.497 3.533-13.12 0l19.554-19.05L44.64 30.38a8.874 8.874 0 0 1 0-12.78l19.55 19.05zM57.21 77.12H29.771c0-4.995 4.12-9.047 9.206-9.047H66.417c0 4.996-4.121 9.047-9.206 9.047"
                  fill="#2D3C4D"
                />
              </g>
            </svg>
          </div>
          <div
            className="maxWidthLeftLinks links"
          >
            <div
              className="link link"
            >
              Help en info
            </div>
            <div
              className="link link"
            >
              Voorwaarden
            </div>
            <div
              className="link link"
            >
              Veilig handelen
            </div>
          </div>
        </div>
        <div
          className="_menu"
        >
          <div
            className="messages"
          >
            <div
              className="messagesIcon"
            >
              <svg
                fill="grey"
                height={15}
                viewBox="0 0 1024 1024"
                width={15}
              >
                <path
                  d="M480 128c-50.666 0-99.582 7.95-145.386 23.628-42.924 14.694-81.114 35.436-113.502 61.646-60.044 48.59-93.112 110.802-93.112 175.174 0 35.99 10.066 70.948 29.92 103.898 20.686 34.34 51.898 65.794 90.26 90.958 30.44 19.968 50.936 51.952 56.362 87.95 0.902 5.99 1.63 12.006 2.18 18.032 2.722-2.52 5.424-5.114 8.114-7.794 24.138-24.040 56.688-37.312 90.322-37.312 5.348 0 10.718 0.336 16.094 1.018 19.36 2.452 39.124 3.696 58.748 3.696 50.666 0 99.58-7.948 145.384-23.628 42.926-14.692 81.116-35.434 113.504-61.644 60.046-48.59 93.112-110.802 93.112-175.174s-33.066-126.582-93.112-175.174c-32.388-26.212-70.578-46.952-113.504-61.646-45.804-15.678-94.718-23.628-145.384-23.628zM480 0v0c265.096 0 480 173.914 480 388.448s-214.904 388.448-480 388.448c-25.458 0-50.446-1.62-74.834-4.71-103.106 102.694-222.172 121.108-341.166 123.814v-25.134c64.252-31.354 116-88.466 116-153.734 0-9.106-0.712-18.048-2.030-26.794-108.558-71.214-177.97-179.988-177.97-301.89 0-214.534 214.904-388.448 480-388.448zM996 870.686c0 55.942 36.314 104.898 92 131.772v21.542c-103.126-2.318-197.786-18.102-287.142-106.126-21.14 2.65-42.794 4.040-64.858 4.040-95.47 0-183.408-25.758-253.614-69.040 144.674-0.506 281.26-46.854 384.834-130.672 52.208-42.252 93.394-91.826 122.414-147.348 30.766-58.866 46.366-121.582 46.366-186.406 0-10.448-0.45-20.836-1.258-31.168 72.57 59.934 117.258 141.622 117.258 231.676 0 104.488-60.158 197.722-154.24 258.764-1.142 7.496-1.76 15.16-1.76 22.966z"
                />
              </svg>
            </div>
            <div
              className="messagesLabel"
            >
              Berichten
            </div>
          </div>
          <div
            className="notifications"
          >
            <div
              className="notificationsIcon"
            >
              <svg
                fill="grey"
                height={15}
                viewBox="0 0 1024 1024"
                width={15}
              >
                <path
                  d="M1025.5 800c0-288-256-224-256-448 0-18.56-1.788-34.42-5.048-47.928-16.83-113.018-92.156-203.72-189.772-231.36 0.866-3.948 1.32-8.032 1.32-12.21 0-33.278-28.8-60.502-64-60.502s-64 27.224-64 60.5c0 4.18 0.456 8.264 1.32 12.21-109.47 30.998-190.914 141.298-193.254 273.442-0.040 1.92-0.066 3.864-0.066 5.846 0 224.002-256 160.002-256 448.002 0 76.226 170.59 139.996 398.97 156.080 21.524 40.404 64.056 67.92 113.030 67.92s91.508-27.516 113.030-67.92c228.38-16.084 398.97-79.854 398.97-156.080 0-0.228-0.026-0.456-0.028-0.682l1.528 0.682zM826.246 854.096c-54.23 14.47-118.158 24.876-186.768 30.648-5.704-65.418-60.582-116.744-127.478-116.744s-121.774 51.326-127.478 116.744c-68.608-5.772-132.538-16.178-186.768-30.648-74.63-19.914-110.31-42.19-123.368-54.096 13.058-11.906 48.738-34.182 123.368-54.096 86.772-23.152 198.372-35.904 314.246-35.904s227.474 12.752 314.246 35.904c74.63 19.914 110.31 42.19 123.368 54.096-13.058 11.906-48.738 34.182-123.368 54.096z"
                />
              </svg>
            </div>
            <div
              className="notificationsLabel"
            >
              Meldingen
            </div>
          </div>
          <details
            className="details-reset dropdown"
          >
            <summary
              aria-haspopup="true"
              className="summary"
            >
              <div
                className="badge"
              >
                <div
                  className="svgIcon1"
                >
                  <svg
                    fill="grey"
                    height={20}
                    viewBox="0 0 1024 1024"
                    width={20}
                  >
                    <path
                      d="M576 706.612v-52.78c70.498-39.728 128-138.772 128-237.832 0-159.058 0-288-192-288s-192 128.942-192 288c0 99.060 57.502 198.104 128 237.832v52.78c-217.102 17.748-384 124.42-384 253.388h896c0-128.968-166.898-235.64-384-253.388z"
                    />
                  </svg>
                </div>
                <div
                  className="label"
                >
                  t
                </div>
                <div
                  className="svgIcon2"
                >
                  <svg
                    fill="grey"
                    height={15}
                    viewBox="0 0 1024 1024"
                    width={15}
                  >
                    <path
                      d="M287.986 576c8.908 0 17.77 3.698 24.096 10.928l199.918 228.478 199.918-228.478c11.636-13.3 31.856-14.65 45.154-3.010 13.3 11.638 14.648 31.854 3.010 45.154l-224 256c-6.076 6.944-14.854 10.928-24.082 10.928s-18.006-3.984-24.082-10.928l-224-256c-11.638-13.3-10.292-33.516 3.010-45.154 6.070-5.312 13.582-7.918 21.058-7.918z"
                    />
                  </svg>
                </div>
              </div>
            </summary>
            <ul
              className="dropdown-menu list"
            >
              <li>
                <div
                  className="dropdown-item listItem"
                >
                  Mijn Advertenties
                </div>
              </li>
              <li>
                <div
                  className="dropdown-item listItem"
                >
                  Mijn Favorieten
                </div>
              </li>
              <li>
                <div
                  className="dropdown-item listItem"
                >
                  Mijn Zoekopdrachten
                </div>
              </li>
              <li>
                <div
                  className="dropdown-item listItem"
                >
                  Mijn Verkopers
                </div>
              </li>
              <li>
                <div
                  className="dropdown-item listItem"
                >
                  Mijn Profiel
                </div>
              </li>
              <li>
                <div
                  className="dropdown-item listItem"
                >
                  Mijn Ervaringen
                </div>
              </li>
              <li>
                <div
                  className="dropdown-item listItem"
                >
                  Uitloggen
                </div>
              </li>
            </ul>
          </details>
          <div
            className="placeAd"
          >
            <div
              className="placeAdIcon"
            >
              <svg
                fill="white"
                height={15}
                viewBox="0 0 1024 1024"
                width={15}
              >
                <path
                  d="M544 0l-96 96 96 96-224 256h-224l176 176-272 360.616v39.384h39.384l360.616-272 176 176v-224l256-224 96 96 96-96-480-480zM448 544l-64-64 224-224 64 64-224 224z"
                />
              </svg>
            </div>
            <div
              className="placeAdButton"
            >
              Plaats Advertentie
            </div>
          </div>
        </div>
      </div>
    </div>
    <div
      className="searchBar"
    >
      <div
        className="maxWidth"
      >
        <div
          className="maxWidthSearchFieldsetStandard searchFieldsetStandard"
        >
          <input
            className="input"
            placeholder=""
          />
        </div>
        <div
          className="maxWidthSearchFieldsetAdvanced searchFieldsetAdvanced"
        >
          <div
            className="css-1pcexqc-container group"
            onKeyDown={[Function]}
          >
            <div
              className="css-bg1rzq-control"
              onMouseDown={[Function]}
              onTouchEnd={[Function]}
            >
              <div
                className="css-1hwfws3"
              >
                <div
                  className="css-151xaom-placeholder"
                >
                  Alle groepen...
                </div>
                <div
                  className="css-1g6gooi"
                >
                  <div
                    className=""
                    style={
                      Object {
                        "display": "inline-block",
                      }
                    }
                  >
                    <input
                      aria-autocomplete="list"
                      autoCapitalize="none"
                      autoComplete="off"
                      autoCorrect="off"
                      disabled={false}
                      id="react-select-2-input"
                      onBlur={[Function]}
                      onChange={[Function]}
                      onFocus={[Function]}
                      spellCheck="false"
                      style={
                        Object {
                          "background": 0,
                          "border": 0,
                          "boxSizing": "content-box",
                          "color": "inherit",
                          "fontSize": "inherit",
                          "label": "input",
                          "opacity": 1,
                          "outline": 0,
                          "padding": 0,
                          "width": "1px",
                        }
                      }
                      tabIndex="0"
                      type="text"
                      value=""
                    />
                    <div
                      style={
                        Object {
                          "height": 0,
                          "left": 0,
                          "overflow": "scroll",
                          "position": "absolute",
                          "top": 0,
                          "visibility": "hidden",
                          "whiteSpace": "pre",
                        }
                      }
                    >
                      
                    </div>
                  </div>
                </div>
              </div>
              <div
                className="css-1wy0on6"
              >
                <span
                  className="css-bgvzuu-indicatorSeparator"
                />
                <div
                  aria-hidden="true"
                  className="css-16pqwjk-indicatorContainer"
                  onMouseDown={[Function]}
                  onTouchEnd={[Function]}
                >
                  <svg
                    aria-hidden="true"
                    className="css-19bqh2r"
                    focusable="false"
                    height={20}
                    viewBox="0 0 20 20"
                    width={20}
                  >
                    <path
                      d="M4.516 7.548c0.436-0.446 1.043-0.481 1.576 0l3.908 3.747 3.908-3.747c0.533-0.481 1.141-0.446 1.574 0 0.436 0.445 0.408 1.197 0 1.615-0.406 0.418-4.695 4.502-4.695 4.502-0.217 0.223-0.502 0.335-0.787 0.335s-0.57-0.112-0.789-0.335c0 0-4.287-4.084-4.695-4.502s-0.436-1.17 0-1.615z"
                    />
                  </svg>
                </div>
              </div>
            </div>
          </div>
          <input
            className="postcode"
            placeholder="Postcode"
          />
          <div
            className="css-1pcexqc-container distance"
            onKeyDown={[Function]}
          >
            <div
              className="css-bg1rzq-control"
              onMouseDown={[Function]}
              onTouchEnd={[Function]}
            >
              <div
                className="css-1hwfws3"
              >
                <div
                  className="css-151xaom-placeholder"
                >
                  Alle afstanden...
                </div>
                <div
                  className="css-1g6gooi"
                >
                  <div
                    className=""
                    style={
                      Object {
                        "display": "inline-block",
                      }
                    }
                  >
                    <input
                      aria-autocomplete="list"
                      autoCapitalize="none"
                      autoComplete="off"
                      autoCorrect="off"
                      disabled={false}
                      id="react-select-3-input"
                      onBlur={[Function]}
                      onChange={[Function]}
                      onFocus={[Function]}
                      spellCheck="false"
                      style={
                        Object {
                          "background": 0,
                          "border": 0,
                          "boxSizing": "content-box",
                          "color": "inherit",
                          "fontSize": "inherit",
                          "label": "input",
                          "opacity": 1,
                          "outline": 0,
                          "padding": 0,
                          "width": "1px",
                        }
                      }
                      tabIndex="0"
                      type="text"
                      value=""
                    />
                    <div
                      style={
                        Object {
                          "height": 0,
                          "left": 0,
                          "overflow": "scroll",
                          "position": "absolute",
                          "top": 0,
                          "visibility": "hidden",
                          "whiteSpace": "pre",
                        }
                      }
                    >
                      
                    </div>
                  </div>
                </div>
              </div>
              <div
                className="css-1wy0on6"
              >
                <span
                  className="css-bgvzuu-indicatorSeparator"
                />
                <div
                  aria-hidden="true"
                  className="css-16pqwjk-indicatorContainer"
                  onMouseDown={[Function]}
                  onTouchEnd={[Function]}
                >
                  <svg
                    aria-hidden="true"
                    className="css-19bqh2r"
                    focusable="false"
                    height={20}
                    viewBox="0 0 20 20"
                    width={20}
                  >
                    <path
                      d="M4.516 7.548c0.436-0.446 1.043-0.481 1.576 0l3.908 3.747 3.908-3.747c0.533-0.481 1.141-0.446 1.574 0 0.436 0.445 0.408 1.197 0 1.615-0.406 0.418-4.695 4.502-4.695 4.502-0.217 0.223-0.502 0.335-0.787 0.335s-0.57-0.112-0.789-0.335c0 0-4.287-4.084-4.695-4.502s-0.436-1.17 0-1.615z"
                    />
                  </svg>
                </div>
              </div>
            </div>
          </div>
        </div>
        <div
          className="maxWidthButton"
        >
          Zoek
        </div>
      </div>
    </div>
  </div>
  <div
    className="ribbonBottom"
  />
  <div
    className="maxWidth"
  >
    <div
      className="leftColumn leftColumn"
    >
      <div
        className=""
      >
        <div
          className="highlightsLinks"
        >
          <div
            className="title"
          >
            Uitgelicht
          </div>
          <div
            className="highlightsLinksLink"
          >
            <div
              className="highlightsLinksLinkIcon"
            >
              <svg
                className=""
                height={36}
                viewBox="0 0 96 96"
                width={36}
              >
                <g
                  fillRule="evenodd"
                >
                  <path
                    d="M76.98 33.926c.134-.04.274-.06.42-.06 2.41 0 4.09-1.303 4.09-2.472 0-.821-.785-1.648-2.002-2.106a1.478 1.478 0 1 1 1.046-2.764c2.41.913 3.91 2.776 3.91 4.87 0 2.945-2.903 5.273-6.672 5.417l.012.043c6.592 4.237 6.654 14.705 6.654 15.16l.003 23.325c.018 1.5.05 4.297-1.728 6.095-.99 1-2.348 1.509-4.031 1.509h-3.054c-1.66 0-4.652-.024-5.691-4.373l-1.318-4.672-.002-.01c-5.612.721-12.17 1.085-19.609 1.085-7.44 0-14-.364-19.615-1.084l-.001.006-1.332 4.73c-1.022 4.294-4.017 4.318-5.647 4.318h-3.078c-1.683 0-3.039-.508-4.028-1.51-1.781-1.797-1.749-4.597-1.731-6.097l.003-.348V52.01c0-.452.062-10.92 6.654-15.157l.012-.043c-3.77-.143-6.672-2.471-6.672-5.417 0-2.09 1.497-3.957 3.907-4.87a1.476 1.476 0 1 1 1.046 2.764c-1.214.458-2 1.288-2 2.106 0 1.17 1.678 2.471 4.088 2.471.146 0 .288.022.421.061l3.2-11.674c.709-3.464 4.079-10.188 11.59-10.188h26.368c7.51 0 10.88 6.724 11.613 10.282l3.175 11.58zM26.445 73.463a68.98 68.98 0 0 1-5.8-1.174 1.478 1.478 0 0 1 .72-2.865c6.76 1.701 16.318 2.599 27.641 2.599 11.318 0 20.87-.898 27.63-2.599a1.482 1.482 0 0 1 1.793 1.072 1.481 1.481 0 0 1-1.072 1.793 68.847 68.847 0 0 1-5.79 1.173l1.23 4.366c.516 2.168 1.305 2.038 2.829 2.165h3.05c.88 0 1.513-.207 1.932-.632.913-.921.89-2.84.875-3.986l-.003-.387V52.01c0-.097-.071-9.765-5.692-12.91a1.468 1.468 0 0 1-.703-.898L70.93 23.031c-.089-.413-1.775-8.017-8.74-8.017H35.822c-7.005 0-8.7 7.843-8.715 7.923L22.924 38.2c-.104.381-.358.706-.703.898-5.618 3.145-5.692 12.81-5.692 12.91l-.003 23.36c-.011 1.15-.032 3.069.88 3.99.423.425 1.052.632 1.93.632h3.056c1.545 0 2.31-.015 2.809-2.106l1.243-4.42zm9.3-22.323c4.65.88 11.736.872 13.155.889.036-.003.053 0 .098-.003h.162v.003c1.174.003 8.33.013 13.098-.86.886-2.955 3.568-5.111 6.731-5.111 3.884 0 7.042 3.248 7.042 7.238 0 3.989-3.158 7.234-7.042 7.234-3.58 0-6.546-2.764-6.985-6.321-4.453.702-10.17.773-12.25.773-.623.003-.727 0-1.35 0-2.106 0-7.923-.07-12.393-.796-.428 3.57-3.397 6.344-6.988 6.344-3.88 0-7.04-3.248-7.04-7.234 0-3.99 3.157-7.238 7.04-7.238 3.154 0 5.828 2.141 6.723 5.082zm-6.722-2.126c-2.253 0-4.087 1.922-4.087 4.285 0 2.362 1.834 4.281 4.087 4.281 2.254 0 4.088-1.92 4.088-4.281 0-2.363-1.834-4.285-4.088-4.285zm24.11-10.043h-8.276c-7.844-.18-13.382-.688-15.987-.977a1.475 1.475 0 0 1-1.306-1.63 1.485 1.485 0 0 1 1.63-1.306c2.558.284 8.002.786 15.698.96h8.205c7.676-.174 13.149-.676 15.724-.96a1.492 1.492 0 0 1 1.63 1.306 1.48 1.48 0 0 1-1.305 1.63c-2.626.289-8.193.8-16.014.977zm15.856 10.043c-2.253 0-4.087 1.922-4.087 4.285 0 2.362 1.834 4.281 4.087 4.281 2.254 0 4.088-1.92 4.088-4.281 0-2.363-1.834-4.285-4.088-4.285z"
                    fill=""
                  />
                </g>
              </svg>
            </div>
            <div
              className="highlightsLinksLinkText"
            >
              <div
                className="highlightsLinksLinkTextTitle"
              >
                Auto's
              </div>
              <div
                className="highlightsLinksLinkTextDescription"
              >
                &gt;7500 nieuwe occasions per dag
              </div>
            </div>
          </div>
          <div
            className="highlightsLinksLink"
          >
            <div
              className="highlightsLinksLinkIcon"
            >
              <svg
                className=""
                height={36}
                viewBox="0 0 96 96"
                width={36}
              >
                <g
                  fillRule="evenodd"
                >
                  <path
                    d="M54.264 63.313c-11.64 0-21.116-9.474-21.116-21.112 0-11.64 9.475-21.113 21.116-21.113 11.642 0 21.117 9.474 21.117 21.113 0 11.638-9.475 21.112-21.117 21.112zm0-39.209c-9.982 0-18.1 8.116-18.1 18.097 0 9.98 8.118 18.096 18.1 18.096 9.983 0 18.1-8.116 18.1-18.096s-8.117-18.097-18.1-18.097zm-19.518 0h-12.06a1.509 1.509 0 0 1 0-3.016h12.06a1.509 1.509 0 0 1 0 3.016zm-3.104 6.08h-8.956a1.509 1.509 0 0 1 0-3.016h8.956a1.509 1.509 0 0 1 0 3.017zM28.861 45.31h-6.175a1.509 1.509 0 0 1 0-3.016h6.175a1.509 1.509 0 0 1 0 3.016zm-.187-6.126h-5.988a1.509 1.509 0 0 1 0-3.016h5.985a1.509 1.509 0 0 1 .003 3.016zm24.768 6.055c-3.012-.535-5.268-4.049-5.268-8.44 0-4.184 2.211-6.581 6.072-6.581 3.862 0 6.076 2.397 6.076 6.58 0 4.389-2.255 7.9-5.265 8.44 5.034.272 8.224 3.098 8.396 7.513a1.514 1.514 0 0 1-1.448 1.568c-.92.01-1.532-.618-1.568-1.448-.16-4.189-4.38-4.638-6.19-4.638-2.133 0-5.735.603-5.92 4.644a1.503 1.503 0 0 1-1.505 1.442c-.02 0-.045 0-.066-.003a1.507 1.507 0 0 1-1.439-1.571c.2-4.406 3.285-7.227 8.125-7.506zm.804-12.005c-1.586 0-3.056.434-3.056 3.565 0 3.239 1.611 5.495 3.056 5.495s3.06-2.256 3.06-5.495c0-3.13-1.47-3.565-3.06-3.565zM15.081 66.329h-1.509a1.507 1.507 0 0 0-1.508 1.445V13.572c0-.832.676-1.508 1.508-1.508H55.87c.833 0 1.509.676 1.509 1.508v2.992a1.509 1.509 0 0 1-3.017 0V15.08h-39.28V66.33h10.745c.833 0 1.508.676 1.508 1.508v10.556h26.933V67.837a1.509 1.509 0 0 1 3.017 0v12.064c0 .833-.676 1.508-1.508 1.508h-29.95c-.395 0-.775-.157-1.059-.434L12.513 68.911a1.532 1.532 0 0 1-.043-.045zm2.172 3.016l7.065 6.955v-6.955h-7.065zm11.42-18.142h-5.987a1.509 1.509 0 0 1 0-3.016h5.985a1.509 1.509 0 0 1 .003 3.016zm50.174 33.243a5.616 5.616 0 0 1-4.853-2.801l-7.566-11.226c-1.6-2.763-.679-6.198 1.997-7.74 2.582-1.498 6.163-.524 7.65 2.051l7.569 11.226c1.599 2.763.679 6.198-1.997 7.74-.85.491-1.82.75-2.8.75zm-7.626-19.504c-.446 0-.896.12-1.288.346a2.592 2.592 0 0 0-.947 3.535l7.569 11.226c.763 1.318 2.392 1.72 3.584 1.035a2.588 2.588 0 0 0 .947-3.532l-7.569-11.226c-.513-.887-1.373-1.384-2.296-1.384z"
                    fill=""
                  />
                </g>
              </svg>
            </div>
            <div
              className="highlightsLinksLinkText"
            >
              <div
                className="highlightsLinksLinkTextTitle"
              >
                Vacatures
              </div>
              <div
                className="highlightsLinksLinkTextDescription"
              >
                Vind de beste baan in je buurt
              </div>
            </div>
          </div>
          <div
            className="highlightsLinksLink"
          >
            <div
              className="highlightsLinksLinkIcon"
            >
              <svg
                className=""
                height={36}
                viewBox="0 0 96 96"
                width={36}
              >
                <g
                  fillRule="evenodd"
                >
                  <path
                    d="M26.607 47.343c-1.97 1.953-1.816 5.294.355 7.446 1.107 1.097 2.597 1.726 4.087 1.726 1.32 0 2.532-.485 3.426-1.37 1.973-1.956 1.815-5.298-.356-7.45-2.085-2.067-5.61-2.235-7.512-.352zm5.719 5.671c-.408.404-.922.488-1.277.488-.69 0-1.393-.307-1.937-.844-.982-.973-1.143-2.404-.356-3.185.41-.406.924-.49 1.28-.49.69 0 1.393.31 1.934.843.985.98 1.14 2.405.356 3.188zm12.052-4.89c-1.97 1.952-1.812 5.294.359 7.445 1.106 1.097 2.593 1.727 4.08 1.727 1.32 0 2.536-.488 3.43-1.374 1.97-1.953 1.811-5.295-.36-7.446-2.082-2.067-5.606-2.236-7.51-.353zm5.719 5.667c-.408.407-.921.492-1.28.492-.687 0-1.393-.31-1.934-.844-.985-.976-1.146-2.405-.359-3.185.41-.407.925-.491 1.28-.491.687 0 1.39.31 1.934.843.985.977 1.146 2.405.359 3.185zM72.82 35.208V19.603c0-.832-.681-1.507-1.52-1.507H46.977c-.413 0-.808.169-1.094.461l-31.35 32.266a8.247 8.247 0 0 0-2.469 5.858 8.089 8.089 0 0 0 2.42 5.855l13.594 13.475a8.272 8.272 0 0 0 5.868 2.405c2.244 0 4.36-.87 5.932-2.432l32.484-31.193c.292-.284.459-.672.459-1.082v-4.457c4.47 4.297 8.352 10.35 8.577 15.175.103 2.2-.587 3.8-2.113 4.885-1.453 1.033-2.943 1.398-4.558 1.085-3.177-.588-5.856-3.532-6.825-5.006a1.54 1.54 0 0 0-2.104-.44c-.703.456-.9 1.39-.444 2.086 1.31 1.982 4.636 5.547 8.814 6.322.56.102 1.11.156 1.654.156 1.836 0 3.59-.587 5.235-1.756 2.36-1.682 3.527-4.264 3.378-7.47-.3-6.46-5.828-14.35-11.614-19.08zM37.744 73.836c-2.02 1.998-5.522 2.022-7.52.045l-13.59-13.475a5.134 5.134 0 0 1-1.53-3.71c.007-1.41.57-2.739 1.6-3.763l30.921-31.824h22.156v11.927c-.122-.075-.247-.16-.368-.232a75.707 75.707 0 0 0-2.782-1.53 5.959 5.959 0 0 0-1.672-5.385c-2.3-2.279-6.3-2.279-8.599 0a5.959 5.959 0 0 0-1.782 4.26c0 1.612.633 3.125 1.782 4.26a6.067 6.067 0 0 0 4.3 1.767c1.623 0 3.15-.627 4.298-1.766.131-.13.231-.28.347-.419.806.422 1.66.886 2.57 1.413.625.365 1.267.817 1.906 1.284v6.382L37.744 73.836zm23.469-45.091a1.517 1.517 0 0 0-1.968.856 1.5 1.5 0 0 0 .864 1.95c.015.005.885.343 2.286.994-1.173.804-2.852.75-3.882-.268a2.948 2.948 0 0 1-.894-2.128c0-.804.316-1.56.89-2.13a3.046 3.046 0 0 1 2.15-.883c.812 0 1.575.313 2.15.883.483.482.736 1.109.818 1.772-1.438-.663-2.341-1.016-2.414-1.046zm-21.837 8.937c.84 0 1.52.675 1.52 1.507v24.106c0 .832-.68 1.507-1.52 1.507-.839 0-1.52-.675-1.52-1.507V39.19c0-.832.681-1.507 1.52-1.507z"
                    fill=""
                  />
                </g>
              </svg>
            </div>
            <div
              className="highlightsLinksLinkText"
            >
              <div
                className="highlightsLinksLinkTextTitle"
              >
                Aanbiedingen
              </div>
              <div
                className="highlightsLinksLinkTextDescription"
              >
                Scherpe prijzen, direct kopen
              </div>
            </div>
          </div>
          <div
            className="highlightsLinksLink"
          >
            <div
              className="highlightsLinksLinkIcon"
            >
              <svg
                className=""
                height={36}
                viewBox="0 0 96 96"
                width={36}
              >
                <g
                  fillRule="evenodd"
                >
                  <path
                    d="M88 52.121L80.706 26.71c0-.236-.235-.706-.706-.706-.235-.236-.706-.236-.941-.236l-12.235 3.53c-.706.235-.942.706-.942 1.412l-2.588.706c-1.176-.706-2.588-1.177-3.765-1.883-1.176-.47-2.117-.941-3.294-1.176l-2.117-.706a13.324 13.324 0 0 0-4.236-.706c-1.411 0-2.823 0-4.235.235-.47 0-.941.236-1.412.47-1.176.942-8.706 7.766-10.823 10.824-1.177 1.647-.941 3.765.706 5.647 1.176 1.177 2.823 1.883 4.47 1.883.941 0 1.883-.236 2.824-.941 2.588-1.883 4.47-4 4.94-4.942l3.295-.705c.235.235.47.235.47.235l.236.235 16.47 13.412c.236.235.706 1.176.706 1.176.236.942-.47 1.883-.47 1.883-.235.235-1.412 1.647-3.059.235l-.235-.235-7.294-6.118c-.471-.47-1.412-.47-1.883.235-.47.47-.47 1.412.236 1.883l7.294 6.117c.706.47.94 1.177.706 1.883-.236.94-.942 1.647-1.648 1.882-.705.235-1.451.207-1.922-.263l-1.842-1.62-.236-.235-5.882-4.94c-.47-.471-1.412-.471-1.882.235-.47.47-.47 1.411.235 1.882l5.882 4.941.236.235c.706.706.864 1.177.706 1.883-.158.706-.706 1.411-1.412 1.647-.941.235-1.647-.236-2.353-.706-.235-.235-1.412-1.177-1.882-1.647-.471-.47-1.177-.941-1.648-1.412-.47-.47-1.176-.941-1.647-1.412-.47-.47-.94-.706-1.176-1.176-.47-.47-.941-.706-1.412-.706-.47 0-.706.235-.941.47-.235.471-.235 1.177.235 1.648l2.589 2.588c.627.47.862 1.098.705 1.882-.313.784-.705 1.255-1.176 1.412-.706.235-1.412 0-2.353-.706-4.47-3.53-16.47-13.412-18.353-18.118l4.235-14.588 6.353-.941c.706 0 1.177-.706 1.177-1.412s-.706-1.176-1.412-1.176l-5.176.706.235-1.177c0-.47-.47-.941-.941-1.176l-13.412-3.294c-.47-.236-1.177.235-1.412.705 0 0 0 .236-.235.236v.235l-1.647 5.882c-.236.706.235 1.412.94 1.647h.472c.47 0 1.176-.47 1.176-.94l1.412-4.942 9.647 2.824-6.588 22.823-9.647-2.588.94-3.294c.236-.706-.235-1.412-.94-1.647-.706-.236-1.412.235-1.648.94L8 51.417v.705c0 .236 0 .471.235.471l.706.706 12.235 3.53h.471c.706 0 1.177-.471 1.412-.942l1.176-3.765c4.706 6.589 16.236 15.53 17.647 16.706 1.412 1.177 2.589 1.412 3.53 1.412.706 0 1.176-.235 1.412-.235 1.411-.47 2.352-1.647 2.823-3.294l.941.94c1.177 1.177 2.588 1.413 3.53 1.413.706 0 1.176-.236 1.411-.236 1.647-.47 2.824-2.117 3.06-3.764a6.716 6.716 0 0 0 3.058 0c1.647-.706 3.059-2.118 3.53-4v-.942c1.411 0 2.823-.705 3.764-1.882.706-.706.941-1.647 1.177-2.588.706 0 1.176 0 1.647-.235.235 0 .47 0 .706-.236 0 0 .235 0 .235-.235.47.235.941.47 1.176.47h.47c.707-.235 1.177-.94.942-1.647l-.706-2.823-5.647-19.765 9.647-2.823 6.588 22.823-4 1.177c-.705.235-1.176.94-.94 1.647.235.47.705.94 1.176.94h.47l5.177-1.41c.235 0 .235-.236.47-.236.471 0 .471-.47.471-1.177zm-16.235-.235l.235.706c-.706.47-1.647.47-2.353.47-.235-.47-.706-1.176-1.412-1.646L50.824 37.298c-.236-.47-.706-.706-1.412-.47l-5.177 1.176-.235.47s-1.647 2.589-4.706 4.706c-1.176.706-2.823.236-3.765-.706-.47-.47-.94-1.176-.47-2.117 2.117-2.824 9.412-9.647 10.353-10.118.47-.47 1.412-.47 2.588-.47h.705c2.119 0 6.354.94 13.413 4.47.235.235.706.235.94 0l3.06-.941 5.647 18.588z"
                    fill=""
                  />
                </g>
              </svg>
            </div>
            <div
              className="highlightsLinksLinkText"
            >
              <div
                className="highlightsLinksLinkTextTitle"
              >
                Gelijk Oversteken
              </div>
              <div
                className="highlightsLinksLinkTextDescription"
              >
                Extra zekerheid bij verzending
              </div>
            </div>
          </div>
        </div>
        <div
          className="navigationBlockLinks"
        >
          <div
            className="title"
          >
            Groepen
          </div>
          <div
            className="navigationBlockLinksLink"
          >
            Antiek en Kunst
          </div>
          <div
            className="navigationBlockLinksLink"
          >
            Audio, Tv en Foto
          </div>
          <div
            className="navigationBlockLinksLink"
          >
            Auto's
          </div>
          <div
            className="navigationBlockLinksLink"
          >
            Auto-onderdelen
          </div>
          <div
            className="navigationBlockLinksLink"
          >
            Auto diversen
          </div>
          <div
            className="navigationBlockLinksLink"
          >
            Boeken
          </div>
          <div
            className="navigationBlockLinksLink"
          >
            Caravans en Kamperen
          </div>
          <div
            className="navigationBlockLinksLink"
          >
            Cd's en Dvd's
          </div>
          <div
            className="navigationBlockLinksLink"
          >
            Computers en Software
          </div>
          <div
            className="navigationBlockLinksLink"
          >
            Contacten en Berichten
          </div>
          <div
            className="navigationBlockLinksLink"
          >
            Diensten en Vakmensen
          </div>
          <div
            className="navigationBlockLinksLink"
          >
            Dieren en Toebehoren
          </div>
          <div
            className="navigationBlockLinksLink"
          >
            Doe-het-zelf en Verbouw
          </div>
          <div
            className="navigationBlockLinksLink"
          >
            Fietsen en Brommers
          </div>
          <div
            className="navigationBlockLinksLink"
          >
            Hobby en Vrije tijd
          </div>
          <div
            className="navigationBlockLinksLink"
          >
            Huis en Inrichting
          </div>
          <div
            className="navigationBlockLinksLink"
          >
            Huizen en Kamers
          </div>
          <div
            className="navigationBlockLinksLink"
          >
            Kleding | Dames
          </div>
          <div
            className="navigationBlockLinksLink"
          >
            Kleding | Heren
          </div>
          <div
            className="navigationBlockLinksLink"
          >
            Motoren
          </div>
          <div
            className="navigationBlockLinksLink"
          >
            Muziek en Instrumenten
          </div>
          <div
            className="navigationBlockLinksLink"
          >
            Postzegels en Munten
          </div>
          <div
            className="navigationBlockLinksLink"
          >
            Sieraden en Tassen
          </div>
          <div
            className="navigationBlockLinksLink"
          >
            Spelcomputers, Games
          </div>
          <div
            className="navigationBlockLinksLink"
          >
            Sport en Fitness
          </div>
          <div
            className="navigationBlockLinksLink"
          >
            Telecommunicatie
          </div>
          <div
            className="navigationBlockLinksLink"
          >
            Tickets en Kaartjes
          </div>
          <div
            className="navigationBlockLinksLink"
          >
            Tuin en Terras
          </div>
          <div
            className="navigationBlockLinksLink"
          >
            Vacatures
          </div>
          <div
            className="navigationBlockLinksLink"
          >
            Vakantie
          </div>
          <div
            className="navigationBlockLinksLink"
          >
            Verzamelen
          </div>
          <div
            className="navigationBlockLinksLink"
          >
            Watersport en Boten
          </div>
          <div
            className="navigationBlockLinksLink"
          >
            Witgoed en Apparatuur
          </div>
          <div
            className="navigationBlockLinksLink"
          >
            Zakelijke goederen
          </div>
          <div
            className="navigationBlockLinksLink"
          >
            Diversen
          </div>
        </div>
      </div>
      <div
        className=""
      />
    </div>
  </div>
</div>
`;
