// Jest Snapshot v1, https://goo.gl/fbAQLP

exports[`<Menu /> Snaphot must match defaultRender 1`] = `null`;
