// Jest Snapshot v1, https://goo.gl/fbAQLP

exports[`<ErrorBoundary /> Snaphot must match defaultRender 1`] = `<div />`;
