// Jest Snapshot v1, https://goo.gl/fbAQLP

exports[`<Content /> Snaphot must match defaultRender 1`] = `
<div
  className=""
>
  <div
    className="banner"
    style={
      Object {
        "height": "10em",
        "maxWidth": "730px",
      }
    }
  >
    <iframe
      src="https://s0.2mdn.net/4270210/1556116689187/KPN ZAKELIJKE MARKT_Z_IPHONE_728x90/KPN ZAKELIJKE MARKT_Z_IPHONE_728x90.html"
      title="banner"
    />
  </div>
</div>
`;
