// Jest Snapshot v1, https://goo.gl/fbAQLP

exports[`<UsefulLinks /> Snaphot must match defaultRender 1`] = `
<div
  className=""
>
  <div
    className="buyersLinks"
  >
    <div
      className="title"
    >
      Voor de koper
    </div>
    <div
      className="buyersLinksLink"
    >
      <div
        className="buyersLinksLinkIcon"
      >
        <svg
          className=""
          height={36}
          viewBox="0 0 96 96"
          width={36}
        >
          <g
            fillRule="evenodd"
          >
            <path
              d="M76.98 33.926c.134-.04.274-.06.42-.06 2.41 0 4.09-1.303 4.09-2.472 0-.821-.785-1.648-2.002-2.106a1.478 1.478 0 1 1 1.046-2.764c2.41.913 3.91 2.776 3.91 4.87 0 2.945-2.903 5.273-6.672 5.417l.012.043c6.592 4.237 6.654 14.705 6.654 15.16l.003 23.325c.018 1.5.05 4.297-1.728 6.095-.99 1-2.348 1.509-4.031 1.509h-3.054c-1.66 0-4.652-.024-5.691-4.373l-1.318-4.672-.002-.01c-5.612.721-12.17 1.085-19.609 1.085-7.44 0-14-.364-19.615-1.084l-.001.006-1.332 4.73c-1.022 4.294-4.017 4.318-5.647 4.318h-3.078c-1.683 0-3.039-.508-4.028-1.51-1.781-1.797-1.749-4.597-1.731-6.097l.003-.348V52.01c0-.452.062-10.92 6.654-15.157l.012-.043c-3.77-.143-6.672-2.471-6.672-5.417 0-2.09 1.497-3.957 3.907-4.87a1.476 1.476 0 1 1 1.046 2.764c-1.214.458-2 1.288-2 2.106 0 1.17 1.678 2.471 4.088 2.471.146 0 .288.022.421.061l3.2-11.674c.709-3.464 4.079-10.188 11.59-10.188h26.368c7.51 0 10.88 6.724 11.613 10.282l3.175 11.58zM26.445 73.463a68.98 68.98 0 0 1-5.8-1.174 1.478 1.478 0 0 1 .72-2.865c6.76 1.701 16.318 2.599 27.641 2.599 11.318 0 20.87-.898 27.63-2.599a1.482 1.482 0 0 1 1.793 1.072 1.481 1.481 0 0 1-1.072 1.793 68.847 68.847 0 0 1-5.79 1.173l1.23 4.366c.516 2.168 1.305 2.038 2.829 2.165h3.05c.88 0 1.513-.207 1.932-.632.913-.921.89-2.84.875-3.986l-.003-.387V52.01c0-.097-.071-9.765-5.692-12.91a1.468 1.468 0 0 1-.703-.898L70.93 23.031c-.089-.413-1.775-8.017-8.74-8.017H35.822c-7.005 0-8.7 7.843-8.715 7.923L22.924 38.2c-.104.381-.358.706-.703.898-5.618 3.145-5.692 12.81-5.692 12.91l-.003 23.36c-.011 1.15-.032 3.069.88 3.99.423.425 1.052.632 1.93.632h3.056c1.545 0 2.31-.015 2.809-2.106l1.243-4.42zm9.3-22.323c4.65.88 11.736.872 13.155.889.036-.003.053 0 .098-.003h.162v.003c1.174.003 8.33.013 13.098-.86.886-2.955 3.568-5.111 6.731-5.111 3.884 0 7.042 3.248 7.042 7.238 0 3.989-3.158 7.234-7.042 7.234-3.58 0-6.546-2.764-6.985-6.321-4.453.702-10.17.773-12.25.773-.623.003-.727 0-1.35 0-2.106 0-7.923-.07-12.393-.796-.428 3.57-3.397 6.344-6.988 6.344-3.88 0-7.04-3.248-7.04-7.234 0-3.99 3.157-7.238 7.04-7.238 3.154 0 5.828 2.141 6.723 5.082zm-6.722-2.126c-2.253 0-4.087 1.922-4.087 4.285 0 2.362 1.834 4.281 4.087 4.281 2.254 0 4.088-1.92 4.088-4.281 0-2.363-1.834-4.285-4.088-4.285zm24.11-10.043h-8.276c-7.844-.18-13.382-.688-15.987-.977a1.475 1.475 0 0 1-1.306-1.63 1.485 1.485 0 0 1 1.63-1.306c2.558.284 8.002.786 15.698.96h8.205c7.676-.174 13.149-.676 15.724-.96a1.492 1.492 0 0 1 1.63 1.306 1.48 1.48 0 0 1-1.305 1.63c-2.626.289-8.193.8-16.014.977zm15.856 10.043c-2.253 0-4.087 1.922-4.087 4.285 0 2.362 1.834 4.281 4.087 4.281 2.254 0 4.088-1.92 4.088-4.281 0-2.363-1.834-4.285-4.088-4.285z"
              fill=""
            />
          </g>
        </svg>
      </div>
      <div
        className="buyersLinksLinkText"
      >
        <div
          className="buyersLinksLinkTextTitle"
        >
          Marktplaats Aanbieding
        </div>
        <div
          className="buyersLinksLinkTextDescription"
        >
          Elke dag nieuwe producten en uitjes met korting
        </div>
      </div>
    </div>
    <div
      className="buyersLinksLink"
    >
      <div
        className="buyersLinksLinkIcon"
      >
        <svg
          className=""
          height={36}
          viewBox="0 0 96 96"
          width={36}
        >
          <g
            fillRule="evenodd"
          >
            <path
              d="M76.98 33.926c.134-.04.274-.06.42-.06 2.41 0 4.09-1.303 4.09-2.472 0-.821-.785-1.648-2.002-2.106a1.478 1.478 0 1 1 1.046-2.764c2.41.913 3.91 2.776 3.91 4.87 0 2.945-2.903 5.273-6.672 5.417l.012.043c6.592 4.237 6.654 14.705 6.654 15.16l.003 23.325c.018 1.5.05 4.297-1.728 6.095-.99 1-2.348 1.509-4.031 1.509h-3.054c-1.66 0-4.652-.024-5.691-4.373l-1.318-4.672-.002-.01c-5.612.721-12.17 1.085-19.609 1.085-7.44 0-14-.364-19.615-1.084l-.001.006-1.332 4.73c-1.022 4.294-4.017 4.318-5.647 4.318h-3.078c-1.683 0-3.039-.508-4.028-1.51-1.781-1.797-1.749-4.597-1.731-6.097l.003-.348V52.01c0-.452.062-10.92 6.654-15.157l.012-.043c-3.77-.143-6.672-2.471-6.672-5.417 0-2.09 1.497-3.957 3.907-4.87a1.476 1.476 0 1 1 1.046 2.764c-1.214.458-2 1.288-2 2.106 0 1.17 1.678 2.471 4.088 2.471.146 0 .288.022.421.061l3.2-11.674c.709-3.464 4.079-10.188 11.59-10.188h26.368c7.51 0 10.88 6.724 11.613 10.282l3.175 11.58zM26.445 73.463a68.98 68.98 0 0 1-5.8-1.174 1.478 1.478 0 0 1 .72-2.865c6.76 1.701 16.318 2.599 27.641 2.599 11.318 0 20.87-.898 27.63-2.599a1.482 1.482 0 0 1 1.793 1.072 1.481 1.481 0 0 1-1.072 1.793 68.847 68.847 0 0 1-5.79 1.173l1.23 4.366c.516 2.168 1.305 2.038 2.829 2.165h3.05c.88 0 1.513-.207 1.932-.632.913-.921.89-2.84.875-3.986l-.003-.387V52.01c0-.097-.071-9.765-5.692-12.91a1.468 1.468 0 0 1-.703-.898L70.93 23.031c-.089-.413-1.775-8.017-8.74-8.017H35.822c-7.005 0-8.7 7.843-8.715 7.923L22.924 38.2c-.104.381-.358.706-.703.898-5.618 3.145-5.692 12.81-5.692 12.91l-.003 23.36c-.011 1.15-.032 3.069.88 3.99.423.425 1.052.632 1.93.632h3.056c1.545 0 2.31-.015 2.809-2.106l1.243-4.42zm9.3-22.323c4.65.88 11.736.872 13.155.889.036-.003.053 0 .098-.003h.162v.003c1.174.003 8.33.013 13.098-.86.886-2.955 3.568-5.111 6.731-5.111 3.884 0 7.042 3.248 7.042 7.238 0 3.989-3.158 7.234-7.042 7.234-3.58 0-6.546-2.764-6.985-6.321-4.453.702-10.17.773-12.25.773-.623.003-.727 0-1.35 0-2.106 0-7.923-.07-12.393-.796-.428 3.57-3.397 6.344-6.988 6.344-3.88 0-7.04-3.248-7.04-7.234 0-3.99 3.157-7.238 7.04-7.238 3.154 0 5.828 2.141 6.723 5.082zm-6.722-2.126c-2.253 0-4.087 1.922-4.087 4.285 0 2.362 1.834 4.281 4.087 4.281 2.254 0 4.088-1.92 4.088-4.281 0-2.363-1.834-4.285-4.088-4.285zm24.11-10.043h-8.276c-7.844-.18-13.382-.688-15.987-.977a1.475 1.475 0 0 1-1.306-1.63 1.485 1.485 0 0 1 1.63-1.306c2.558.284 8.002.786 15.698.96h8.205c7.676-.174 13.149-.676 15.724-.96a1.492 1.492 0 0 1 1.63 1.306 1.48 1.48 0 0 1-1.305 1.63c-2.626.289-8.193.8-16.014.977zm15.856 10.043c-2.253 0-4.087 1.922-4.087 4.285 0 2.362 1.834 4.281 4.087 4.281 2.254 0 4.088-1.92 4.088-4.281 0-2.363-1.834-4.285-4.088-4.285z"
              fill=""
            />
          </g>
        </svg>
      </div>
      <div
        className="buyersLinksLinkText"
      >
        <div
          className="buyersLinksLinkTextTitle"
        >
          Zakelijke goederen
        </div>
        <div
          className="buyersLinksLinkTextDescription"
        >
          Een goede deal voor ondernemers
        </div>
      </div>
    </div>
    <div
      className="buyersLinksLink"
    >
      <div
        className="buyersLinksLinkIcon"
      >
        <svg
          className=""
          height={36}
          viewBox="0 0 96 96"
          width={36}
        >
          <g
            fillRule="evenodd"
          >
            <path
              d="M76.98 33.926c.134-.04.274-.06.42-.06 2.41 0 4.09-1.303 4.09-2.472 0-.821-.785-1.648-2.002-2.106a1.478 1.478 0 1 1 1.046-2.764c2.41.913 3.91 2.776 3.91 4.87 0 2.945-2.903 5.273-6.672 5.417l.012.043c6.592 4.237 6.654 14.705 6.654 15.16l.003 23.325c.018 1.5.05 4.297-1.728 6.095-.99 1-2.348 1.509-4.031 1.509h-3.054c-1.66 0-4.652-.024-5.691-4.373l-1.318-4.672-.002-.01c-5.612.721-12.17 1.085-19.609 1.085-7.44 0-14-.364-19.615-1.084l-.001.006-1.332 4.73c-1.022 4.294-4.017 4.318-5.647 4.318h-3.078c-1.683 0-3.039-.508-4.028-1.51-1.781-1.797-1.749-4.597-1.731-6.097l.003-.348V52.01c0-.452.062-10.92 6.654-15.157l.012-.043c-3.77-.143-6.672-2.471-6.672-5.417 0-2.09 1.497-3.957 3.907-4.87a1.476 1.476 0 1 1 1.046 2.764c-1.214.458-2 1.288-2 2.106 0 1.17 1.678 2.471 4.088 2.471.146 0 .288.022.421.061l3.2-11.674c.709-3.464 4.079-10.188 11.59-10.188h26.368c7.51 0 10.88 6.724 11.613 10.282l3.175 11.58zM26.445 73.463a68.98 68.98 0 0 1-5.8-1.174 1.478 1.478 0 0 1 .72-2.865c6.76 1.701 16.318 2.599 27.641 2.599 11.318 0 20.87-.898 27.63-2.599a1.482 1.482 0 0 1 1.793 1.072 1.481 1.481 0 0 1-1.072 1.793 68.847 68.847 0 0 1-5.79 1.173l1.23 4.366c.516 2.168 1.305 2.038 2.829 2.165h3.05c.88 0 1.513-.207 1.932-.632.913-.921.89-2.84.875-3.986l-.003-.387V52.01c0-.097-.071-9.765-5.692-12.91a1.468 1.468 0 0 1-.703-.898L70.93 23.031c-.089-.413-1.775-8.017-8.74-8.017H35.822c-7.005 0-8.7 7.843-8.715 7.923L22.924 38.2c-.104.381-.358.706-.703.898-5.618 3.145-5.692 12.81-5.692 12.91l-.003 23.36c-.011 1.15-.032 3.069.88 3.99.423.425 1.052.632 1.93.632h3.056c1.545 0 2.31-.015 2.809-2.106l1.243-4.42zm9.3-22.323c4.65.88 11.736.872 13.155.889.036-.003.053 0 .098-.003h.162v.003c1.174.003 8.33.013 13.098-.86.886-2.955 3.568-5.111 6.731-5.111 3.884 0 7.042 3.248 7.042 7.238 0 3.989-3.158 7.234-7.042 7.234-3.58 0-6.546-2.764-6.985-6.321-4.453.702-10.17.773-12.25.773-.623.003-.727 0-1.35 0-2.106 0-7.923-.07-12.393-.796-.428 3.57-3.397 6.344-6.988 6.344-3.88 0-7.04-3.248-7.04-7.234 0-3.99 3.157-7.238 7.04-7.238 3.154 0 5.828 2.141 6.723 5.082zm-6.722-2.126c-2.253 0-4.087 1.922-4.087 4.285 0 2.362 1.834 4.281 4.087 4.281 2.254 0 4.088-1.92 4.088-4.281 0-2.363-1.834-4.285-4.088-4.285zm24.11-10.043h-8.276c-7.844-.18-13.382-.688-15.987-.977a1.475 1.475 0 0 1-1.306-1.63 1.485 1.485 0 0 1 1.63-1.306c2.558.284 8.002.786 15.698.96h8.205c7.676-.174 13.149-.676 15.724-.96a1.492 1.492 0 0 1 1.63 1.306 1.48 1.48 0 0 1-1.305 1.63c-2.626.289-8.193.8-16.014.977zm15.856 10.043c-2.253 0-4.087 1.922-4.087 4.285 0 2.362 1.834 4.281 4.087 4.281 2.254 0 4.088-1.92 4.088-4.281 0-2.363-1.834-4.285-4.088-4.285z"
              fill=""
            />
          </g>
        </svg>
      </div>
      <div
        className="buyersLinksLinkText"
      >
        <div
          className="buyersLinksLinkTextTitle"
        >
          Diensten en Vakmensen
        </div>
        <div
          className="buyersLinksLinkTextDescription"
        >
          Vind je vakman
        </div>
      </div>
    </div>
  </div>
  <div
    className="sellersLinks"
  >
    <div
      className="title"
    >
      Voor de verkoper
    </div>
    <div
      className="sellersLinksLink"
    >
      <div
        className="sellersLinksLinkIcon"
      >
        <svg
          className=""
          height={36}
          viewBox="0 0 96 96"
          width={36}
        >
          <g
            fillRule="evenodd"
          >
            <path
              d="M76.98 33.926c.134-.04.274-.06.42-.06 2.41 0 4.09-1.303 4.09-2.472 0-.821-.785-1.648-2.002-2.106a1.478 1.478 0 1 1 1.046-2.764c2.41.913 3.91 2.776 3.91 4.87 0 2.945-2.903 5.273-6.672 5.417l.012.043c6.592 4.237 6.654 14.705 6.654 15.16l.003 23.325c.018 1.5.05 4.297-1.728 6.095-.99 1-2.348 1.509-4.031 1.509h-3.054c-1.66 0-4.652-.024-5.691-4.373l-1.318-4.672-.002-.01c-5.612.721-12.17 1.085-19.609 1.085-7.44 0-14-.364-19.615-1.084l-.001.006-1.332 4.73c-1.022 4.294-4.017 4.318-5.647 4.318h-3.078c-1.683 0-3.039-.508-4.028-1.51-1.781-1.797-1.749-4.597-1.731-6.097l.003-.348V52.01c0-.452.062-10.92 6.654-15.157l.012-.043c-3.77-.143-6.672-2.471-6.672-5.417 0-2.09 1.497-3.957 3.907-4.87a1.476 1.476 0 1 1 1.046 2.764c-1.214.458-2 1.288-2 2.106 0 1.17 1.678 2.471 4.088 2.471.146 0 .288.022.421.061l3.2-11.674c.709-3.464 4.079-10.188 11.59-10.188h26.368c7.51 0 10.88 6.724 11.613 10.282l3.175 11.58zM26.445 73.463a68.98 68.98 0 0 1-5.8-1.174 1.478 1.478 0 0 1 .72-2.865c6.76 1.701 16.318 2.599 27.641 2.599 11.318 0 20.87-.898 27.63-2.599a1.482 1.482 0 0 1 1.793 1.072 1.481 1.481 0 0 1-1.072 1.793 68.847 68.847 0 0 1-5.79 1.173l1.23 4.366c.516 2.168 1.305 2.038 2.829 2.165h3.05c.88 0 1.513-.207 1.932-.632.913-.921.89-2.84.875-3.986l-.003-.387V52.01c0-.097-.071-9.765-5.692-12.91a1.468 1.468 0 0 1-.703-.898L70.93 23.031c-.089-.413-1.775-8.017-8.74-8.017H35.822c-7.005 0-8.7 7.843-8.715 7.923L22.924 38.2c-.104.381-.358.706-.703.898-5.618 3.145-5.692 12.81-5.692 12.91l-.003 23.36c-.011 1.15-.032 3.069.88 3.99.423.425 1.052.632 1.93.632h3.056c1.545 0 2.31-.015 2.809-2.106l1.243-4.42zm9.3-22.323c4.65.88 11.736.872 13.155.889.036-.003.053 0 .098-.003h.162v.003c1.174.003 8.33.013 13.098-.86.886-2.955 3.568-5.111 6.731-5.111 3.884 0 7.042 3.248 7.042 7.238 0 3.989-3.158 7.234-7.042 7.234-3.58 0-6.546-2.764-6.985-6.321-4.453.702-10.17.773-12.25.773-.623.003-.727 0-1.35 0-2.106 0-7.923-.07-12.393-.796-.428 3.57-3.397 6.344-6.988 6.344-3.88 0-7.04-3.248-7.04-7.234 0-3.99 3.157-7.238 7.04-7.238 3.154 0 5.828 2.141 6.723 5.082zm-6.722-2.126c-2.253 0-4.087 1.922-4.087 4.285 0 2.362 1.834 4.281 4.087 4.281 2.254 0 4.088-1.92 4.088-4.281 0-2.363-1.834-4.285-4.088-4.285zm24.11-10.043h-8.276c-7.844-.18-13.382-.688-15.987-.977a1.475 1.475 0 0 1-1.306-1.63 1.485 1.485 0 0 1 1.63-1.306c2.558.284 8.002.786 15.698.96h8.205c7.676-.174 13.149-.676 15.724-.96a1.492 1.492 0 0 1 1.63 1.306 1.48 1.48 0 0 1-1.305 1.63c-2.626.289-8.193.8-16.014.977zm15.856 10.043c-2.253 0-4.087 1.922-4.087 4.285 0 2.362 1.834 4.281 4.087 4.281 2.254 0 4.088-1.92 4.088-4.281 0-2.363-1.834-4.285-4.088-4.285z"
              fill=""
            />
          </g>
        </svg>
      </div>
      <div
        className="sellersLinksLinkText"
      >
        <div
          className="sellersLinksLinkTextTitle"
        >
          Marktplaats Opvallen
        </div>
        <div
          className="sellersLinksLinkTextDescription"
        >
          Laat je advertentie opvallen
        </div>
      </div>
    </div>
    <div
      className="sellersLinksLink"
    >
      <div
        className="sellersLinksLinkIcon"
      >
        <svg
          className=""
          height={36}
          viewBox="0 0 96 96"
          width={36}
        >
          <g
            fillRule="evenodd"
          >
            <path
              d="M76.98 33.926c.134-.04.274-.06.42-.06 2.41 0 4.09-1.303 4.09-2.472 0-.821-.785-1.648-2.002-2.106a1.478 1.478 0 1 1 1.046-2.764c2.41.913 3.91 2.776 3.91 4.87 0 2.945-2.903 5.273-6.672 5.417l.012.043c6.592 4.237 6.654 14.705 6.654 15.16l.003 23.325c.018 1.5.05 4.297-1.728 6.095-.99 1-2.348 1.509-4.031 1.509h-3.054c-1.66 0-4.652-.024-5.691-4.373l-1.318-4.672-.002-.01c-5.612.721-12.17 1.085-19.609 1.085-7.44 0-14-.364-19.615-1.084l-.001.006-1.332 4.73c-1.022 4.294-4.017 4.318-5.647 4.318h-3.078c-1.683 0-3.039-.508-4.028-1.51-1.781-1.797-1.749-4.597-1.731-6.097l.003-.348V52.01c0-.452.062-10.92 6.654-15.157l.012-.043c-3.77-.143-6.672-2.471-6.672-5.417 0-2.09 1.497-3.957 3.907-4.87a1.476 1.476 0 1 1 1.046 2.764c-1.214.458-2 1.288-2 2.106 0 1.17 1.678 2.471 4.088 2.471.146 0 .288.022.421.061l3.2-11.674c.709-3.464 4.079-10.188 11.59-10.188h26.368c7.51 0 10.88 6.724 11.613 10.282l3.175 11.58zM26.445 73.463a68.98 68.98 0 0 1-5.8-1.174 1.478 1.478 0 0 1 .72-2.865c6.76 1.701 16.318 2.599 27.641 2.599 11.318 0 20.87-.898 27.63-2.599a1.482 1.482 0 0 1 1.793 1.072 1.481 1.481 0 0 1-1.072 1.793 68.847 68.847 0 0 1-5.79 1.173l1.23 4.366c.516 2.168 1.305 2.038 2.829 2.165h3.05c.88 0 1.513-.207 1.932-.632.913-.921.89-2.84.875-3.986l-.003-.387V52.01c0-.097-.071-9.765-5.692-12.91a1.468 1.468 0 0 1-.703-.898L70.93 23.031c-.089-.413-1.775-8.017-8.74-8.017H35.822c-7.005 0-8.7 7.843-8.715 7.923L22.924 38.2c-.104.381-.358.706-.703.898-5.618 3.145-5.692 12.81-5.692 12.91l-.003 23.36c-.011 1.15-.032 3.069.88 3.99.423.425 1.052.632 1.93.632h3.056c1.545 0 2.31-.015 2.809-2.106l1.243-4.42zm9.3-22.323c4.65.88 11.736.872 13.155.889.036-.003.053 0 .098-.003h.162v.003c1.174.003 8.33.013 13.098-.86.886-2.955 3.568-5.111 6.731-5.111 3.884 0 7.042 3.248 7.042 7.238 0 3.989-3.158 7.234-7.042 7.234-3.58 0-6.546-2.764-6.985-6.321-4.453.702-10.17.773-12.25.773-.623.003-.727 0-1.35 0-2.106 0-7.923-.07-12.393-.796-.428 3.57-3.397 6.344-6.988 6.344-3.88 0-7.04-3.248-7.04-7.234 0-3.99 3.157-7.238 7.04-7.238 3.154 0 5.828 2.141 6.723 5.082zm-6.722-2.126c-2.253 0-4.087 1.922-4.087 4.285 0 2.362 1.834 4.281 4.087 4.281 2.254 0 4.088-1.92 4.088-4.281 0-2.363-1.834-4.285-4.088-4.285zm24.11-10.043h-8.276c-7.844-.18-13.382-.688-15.987-.977a1.475 1.475 0 0 1-1.306-1.63 1.485 1.485 0 0 1 1.63-1.306c2.558.284 8.002.786 15.698.96h8.205c7.676-.174 13.149-.676 15.724-.96a1.492 1.492 0 0 1 1.63 1.306 1.48 1.48 0 0 1-1.305 1.63c-2.626.289-8.193.8-16.014.977zm15.856 10.043c-2.253 0-4.087 1.922-4.087 4.285 0 2.362 1.834 4.281 4.087 4.281 2.254 0 4.088-1.92 4.088-4.281 0-2.363-1.834-4.285-4.088-4.285z"
              fill=""
            />
          </g>
        </svg>
      </div>
      <div
        className="sellersLinksLinkText"
      >
        <div
          className="sellersLinksLinkTextTitle"
        >
          Marktplaats Extra
        </div>
        <div
          className="sellersLinksLinkTextDescription"
        >
          Laat meerdere advertenties opvallen
        </div>
      </div>
    </div>
    <div
      className="sellersLinksLink"
    >
      <div
        className="sellersLinksLinkIcon"
      >
        <svg
          className=""
          height={36}
          viewBox="0 0 96 96"
          width={36}
        >
          <g
            fillRule="evenodd"
          >
            <path
              d="M76.98 33.926c.134-.04.274-.06.42-.06 2.41 0 4.09-1.303 4.09-2.472 0-.821-.785-1.648-2.002-2.106a1.478 1.478 0 1 1 1.046-2.764c2.41.913 3.91 2.776 3.91 4.87 0 2.945-2.903 5.273-6.672 5.417l.012.043c6.592 4.237 6.654 14.705 6.654 15.16l.003 23.325c.018 1.5.05 4.297-1.728 6.095-.99 1-2.348 1.509-4.031 1.509h-3.054c-1.66 0-4.652-.024-5.691-4.373l-1.318-4.672-.002-.01c-5.612.721-12.17 1.085-19.609 1.085-7.44 0-14-.364-19.615-1.084l-.001.006-1.332 4.73c-1.022 4.294-4.017 4.318-5.647 4.318h-3.078c-1.683 0-3.039-.508-4.028-1.51-1.781-1.797-1.749-4.597-1.731-6.097l.003-.348V52.01c0-.452.062-10.92 6.654-15.157l.012-.043c-3.77-.143-6.672-2.471-6.672-5.417 0-2.09 1.497-3.957 3.907-4.87a1.476 1.476 0 1 1 1.046 2.764c-1.214.458-2 1.288-2 2.106 0 1.17 1.678 2.471 4.088 2.471.146 0 .288.022.421.061l3.2-11.674c.709-3.464 4.079-10.188 11.59-10.188h26.368c7.51 0 10.88 6.724 11.613 10.282l3.175 11.58zM26.445 73.463a68.98 68.98 0 0 1-5.8-1.174 1.478 1.478 0 0 1 .72-2.865c6.76 1.701 16.318 2.599 27.641 2.599 11.318 0 20.87-.898 27.63-2.599a1.482 1.482 0 0 1 1.793 1.072 1.481 1.481 0 0 1-1.072 1.793 68.847 68.847 0 0 1-5.79 1.173l1.23 4.366c.516 2.168 1.305 2.038 2.829 2.165h3.05c.88 0 1.513-.207 1.932-.632.913-.921.89-2.84.875-3.986l-.003-.387V52.01c0-.097-.071-9.765-5.692-12.91a1.468 1.468 0 0 1-.703-.898L70.93 23.031c-.089-.413-1.775-8.017-8.74-8.017H35.822c-7.005 0-8.7 7.843-8.715 7.923L22.924 38.2c-.104.381-.358.706-.703.898-5.618 3.145-5.692 12.81-5.692 12.91l-.003 23.36c-.011 1.15-.032 3.069.88 3.99.423.425 1.052.632 1.93.632h3.056c1.545 0 2.31-.015 2.809-2.106l1.243-4.42zm9.3-22.323c4.65.88 11.736.872 13.155.889.036-.003.053 0 .098-.003h.162v.003c1.174.003 8.33.013 13.098-.86.886-2.955 3.568-5.111 6.731-5.111 3.884 0 7.042 3.248 7.042 7.238 0 3.989-3.158 7.234-7.042 7.234-3.58 0-6.546-2.764-6.985-6.321-4.453.702-10.17.773-12.25.773-.623.003-.727 0-1.35 0-2.106 0-7.923-.07-12.393-.796-.428 3.57-3.397 6.344-6.988 6.344-3.88 0-7.04-3.248-7.04-7.234 0-3.99 3.157-7.238 7.04-7.238 3.154 0 5.828 2.141 6.723 5.082zm-6.722-2.126c-2.253 0-4.087 1.922-4.087 4.285 0 2.362 1.834 4.281 4.087 4.281 2.254 0 4.088-1.92 4.088-4.281 0-2.363-1.834-4.285-4.088-4.285zm24.11-10.043h-8.276c-7.844-.18-13.382-.688-15.987-.977a1.475 1.475 0 0 1-1.306-1.63 1.485 1.485 0 0 1 1.63-1.306c2.558.284 8.002.786 15.698.96h8.205c7.676-.174 13.149-.676 15.724-.96a1.492 1.492 0 0 1 1.63 1.306 1.48 1.48 0 0 1-1.305 1.63c-2.626.289-8.193.8-16.014.977zm15.856 10.043c-2.253 0-4.087 1.922-4.087 4.285 0 2.362 1.834 4.281 4.087 4.281 2.254 0 4.088-1.92 4.088-4.281 0-2.363-1.834-4.285-4.088-4.285z"
              fill=""
            />
          </g>
        </svg>
      </div>
      <div
        className="sellersLinksLinkText"
      >
        <div
          className="sellersLinksLinkTextTitle"
        >
          Diensten en Vakmensen
        </div>
        <div
          className="sellersLinksLinkTextDescription"
        >
          Jouw dienst aanbieden
        </div>
      </div>
    </div>
    <div
      className="sellersLinksLink"
    >
      <div
        className="sellersLinksLinkIcon"
      >
        <svg
          className=""
          height={36}
          viewBox="0 0 96 96"
          width={36}
        >
          <g
            fillRule="evenodd"
          >
            <path
              d="M76.98 33.926c.134-.04.274-.06.42-.06 2.41 0 4.09-1.303 4.09-2.472 0-.821-.785-1.648-2.002-2.106a1.478 1.478 0 1 1 1.046-2.764c2.41.913 3.91 2.776 3.91 4.87 0 2.945-2.903 5.273-6.672 5.417l.012.043c6.592 4.237 6.654 14.705 6.654 15.16l.003 23.325c.018 1.5.05 4.297-1.728 6.095-.99 1-2.348 1.509-4.031 1.509h-3.054c-1.66 0-4.652-.024-5.691-4.373l-1.318-4.672-.002-.01c-5.612.721-12.17 1.085-19.609 1.085-7.44 0-14-.364-19.615-1.084l-.001.006-1.332 4.73c-1.022 4.294-4.017 4.318-5.647 4.318h-3.078c-1.683 0-3.039-.508-4.028-1.51-1.781-1.797-1.749-4.597-1.731-6.097l.003-.348V52.01c0-.452.062-10.92 6.654-15.157l.012-.043c-3.77-.143-6.672-2.471-6.672-5.417 0-2.09 1.497-3.957 3.907-4.87a1.476 1.476 0 1 1 1.046 2.764c-1.214.458-2 1.288-2 2.106 0 1.17 1.678 2.471 4.088 2.471.146 0 .288.022.421.061l3.2-11.674c.709-3.464 4.079-10.188 11.59-10.188h26.368c7.51 0 10.88 6.724 11.613 10.282l3.175 11.58zM26.445 73.463a68.98 68.98 0 0 1-5.8-1.174 1.478 1.478 0 0 1 .72-2.865c6.76 1.701 16.318 2.599 27.641 2.599 11.318 0 20.87-.898 27.63-2.599a1.482 1.482 0 0 1 1.793 1.072 1.481 1.481 0 0 1-1.072 1.793 68.847 68.847 0 0 1-5.79 1.173l1.23 4.366c.516 2.168 1.305 2.038 2.829 2.165h3.05c.88 0 1.513-.207 1.932-.632.913-.921.89-2.84.875-3.986l-.003-.387V52.01c0-.097-.071-9.765-5.692-12.91a1.468 1.468 0 0 1-.703-.898L70.93 23.031c-.089-.413-1.775-8.017-8.74-8.017H35.822c-7.005 0-8.7 7.843-8.715 7.923L22.924 38.2c-.104.381-.358.706-.703.898-5.618 3.145-5.692 12.81-5.692 12.91l-.003 23.36c-.011 1.15-.032 3.069.88 3.99.423.425 1.052.632 1.93.632h3.056c1.545 0 2.31-.015 2.809-2.106l1.243-4.42zm9.3-22.323c4.65.88 11.736.872 13.155.889.036-.003.053 0 .098-.003h.162v.003c1.174.003 8.33.013 13.098-.86.886-2.955 3.568-5.111 6.731-5.111 3.884 0 7.042 3.248 7.042 7.238 0 3.989-3.158 7.234-7.042 7.234-3.58 0-6.546-2.764-6.985-6.321-4.453.702-10.17.773-12.25.773-.623.003-.727 0-1.35 0-2.106 0-7.923-.07-12.393-.796-.428 3.57-3.397 6.344-6.988 6.344-3.88 0-7.04-3.248-7.04-7.234 0-3.99 3.157-7.238 7.04-7.238 3.154 0 5.828 2.141 6.723 5.082zm-6.722-2.126c-2.253 0-4.087 1.922-4.087 4.285 0 2.362 1.834 4.281 4.087 4.281 2.254 0 4.088-1.92 4.088-4.281 0-2.363-1.834-4.285-4.088-4.285zm24.11-10.043h-8.276c-7.844-.18-13.382-.688-15.987-.977a1.475 1.475 0 0 1-1.306-1.63 1.485 1.485 0 0 1 1.63-1.306c2.558.284 8.002.786 15.698.96h8.205c7.676-.174 13.149-.676 15.724-.96a1.492 1.492 0 0 1 1.63 1.306 1.48 1.48 0 0 1-1.305 1.63c-2.626.289-8.193.8-16.014.977zm15.856 10.043c-2.253 0-4.087 1.922-4.087 4.285 0 2.362 1.834 4.281 4.087 4.281 2.254 0 4.088-1.92 4.088-4.281 0-2.363-1.834-4.285-4.088-4.285z"
              fill=""
            />
          </g>
        </svg>
      </div>
      <div
        className="sellersLinksLinkText"
      >
        <div
          className="sellersLinksLinkTextTitle"
        >
          Admarkt (zakelijk)
        </div>
        <div
          className="sellersLinksLinkTextDescription"
        >
          Professioneel producten verkopen
        </div>
      </div>
    </div>
    <div
      className="sellersLinksLink"
    >
      <div
        className="sellersLinksLinkIcon"
      >
        <svg
          className=""
          height={36}
          viewBox="0 0 96 96"
          width={36}
        >
          <g
            fillRule="evenodd"
          >
            <path
              d="M76.98 33.926c.134-.04.274-.06.42-.06 2.41 0 4.09-1.303 4.09-2.472 0-.821-.785-1.648-2.002-2.106a1.478 1.478 0 1 1 1.046-2.764c2.41.913 3.91 2.776 3.91 4.87 0 2.945-2.903 5.273-6.672 5.417l.012.043c6.592 4.237 6.654 14.705 6.654 15.16l.003 23.325c.018 1.5.05 4.297-1.728 6.095-.99 1-2.348 1.509-4.031 1.509h-3.054c-1.66 0-4.652-.024-5.691-4.373l-1.318-4.672-.002-.01c-5.612.721-12.17 1.085-19.609 1.085-7.44 0-14-.364-19.615-1.084l-.001.006-1.332 4.73c-1.022 4.294-4.017 4.318-5.647 4.318h-3.078c-1.683 0-3.039-.508-4.028-1.51-1.781-1.797-1.749-4.597-1.731-6.097l.003-.348V52.01c0-.452.062-10.92 6.654-15.157l.012-.043c-3.77-.143-6.672-2.471-6.672-5.417 0-2.09 1.497-3.957 3.907-4.87a1.476 1.476 0 1 1 1.046 2.764c-1.214.458-2 1.288-2 2.106 0 1.17 1.678 2.471 4.088 2.471.146 0 .288.022.421.061l3.2-11.674c.709-3.464 4.079-10.188 11.59-10.188h26.368c7.51 0 10.88 6.724 11.613 10.282l3.175 11.58zM26.445 73.463a68.98 68.98 0 0 1-5.8-1.174 1.478 1.478 0 0 1 .72-2.865c6.76 1.701 16.318 2.599 27.641 2.599 11.318 0 20.87-.898 27.63-2.599a1.482 1.482 0 0 1 1.793 1.072 1.481 1.481 0 0 1-1.072 1.793 68.847 68.847 0 0 1-5.79 1.173l1.23 4.366c.516 2.168 1.305 2.038 2.829 2.165h3.05c.88 0 1.513-.207 1.932-.632.913-.921.89-2.84.875-3.986l-.003-.387V52.01c0-.097-.071-9.765-5.692-12.91a1.468 1.468 0 0 1-.703-.898L70.93 23.031c-.089-.413-1.775-8.017-8.74-8.017H35.822c-7.005 0-8.7 7.843-8.715 7.923L22.924 38.2c-.104.381-.358.706-.703.898-5.618 3.145-5.692 12.81-5.692 12.91l-.003 23.36c-.011 1.15-.032 3.069.88 3.99.423.425 1.052.632 1.93.632h3.056c1.545 0 2.31-.015 2.809-2.106l1.243-4.42zm9.3-22.323c4.65.88 11.736.872 13.155.889.036-.003.053 0 .098-.003h.162v.003c1.174.003 8.33.013 13.098-.86.886-2.955 3.568-5.111 6.731-5.111 3.884 0 7.042 3.248 7.042 7.238 0 3.989-3.158 7.234-7.042 7.234-3.58 0-6.546-2.764-6.985-6.321-4.453.702-10.17.773-12.25.773-.623.003-.727 0-1.35 0-2.106 0-7.923-.07-12.393-.796-.428 3.57-3.397 6.344-6.988 6.344-3.88 0-7.04-3.248-7.04-7.234 0-3.99 3.157-7.238 7.04-7.238 3.154 0 5.828 2.141 6.723 5.082zm-6.722-2.126c-2.253 0-4.087 1.922-4.087 4.285 0 2.362 1.834 4.281 4.087 4.281 2.254 0 4.088-1.92 4.088-4.281 0-2.363-1.834-4.285-4.088-4.285zm24.11-10.043h-8.276c-7.844-.18-13.382-.688-15.987-.977a1.475 1.475 0 0 1-1.306-1.63 1.485 1.485 0 0 1 1.63-1.306c2.558.284 8.002.786 15.698.96h8.205c7.676-.174 13.149-.676 15.724-.96a1.492 1.492 0 0 1 1.63 1.306 1.48 1.48 0 0 1-1.305 1.63c-2.626.289-8.193.8-16.014.977zm15.856 10.043c-2.253 0-4.087 1.922-4.087 4.285 0 2.362 1.834 4.281 4.087 4.281 2.254 0 4.088-1.92 4.088-4.281 0-2.363-1.834-4.285-4.088-4.285z"
              fill=""
            />
          </g>
        </svg>
      </div>
      <div
        className="sellersLinksLinkText"
      >
        <div
          className="sellersLinksLinkTextTitle"
        >
          Marktplaats Aanbieding
        </div>
        <div
          className="sellersLinksLinkTextDescription"
        >
          Zonder verkoop geen kosten; bereik verzekerd
        </div>
      </div>
    </div>
    <div
      className="sellersLinksLink"
    >
      <div
        className="sellersLinksLinkIcon"
      >
        <svg
          className=""
          height={36}
          viewBox="0 0 96 96"
          width={36}
        >
          <g
            fillRule="evenodd"
          >
            <path
              d="M76.98 33.926c.134-.04.274-.06.42-.06 2.41 0 4.09-1.303 4.09-2.472 0-.821-.785-1.648-2.002-2.106a1.478 1.478 0 1 1 1.046-2.764c2.41.913 3.91 2.776 3.91 4.87 0 2.945-2.903 5.273-6.672 5.417l.012.043c6.592 4.237 6.654 14.705 6.654 15.16l.003 23.325c.018 1.5.05 4.297-1.728 6.095-.99 1-2.348 1.509-4.031 1.509h-3.054c-1.66 0-4.652-.024-5.691-4.373l-1.318-4.672-.002-.01c-5.612.721-12.17 1.085-19.609 1.085-7.44 0-14-.364-19.615-1.084l-.001.006-1.332 4.73c-1.022 4.294-4.017 4.318-5.647 4.318h-3.078c-1.683 0-3.039-.508-4.028-1.51-1.781-1.797-1.749-4.597-1.731-6.097l.003-.348V52.01c0-.452.062-10.92 6.654-15.157l.012-.043c-3.77-.143-6.672-2.471-6.672-5.417 0-2.09 1.497-3.957 3.907-4.87a1.476 1.476 0 1 1 1.046 2.764c-1.214.458-2 1.288-2 2.106 0 1.17 1.678 2.471 4.088 2.471.146 0 .288.022.421.061l3.2-11.674c.709-3.464 4.079-10.188 11.59-10.188h26.368c7.51 0 10.88 6.724 11.613 10.282l3.175 11.58zM26.445 73.463a68.98 68.98 0 0 1-5.8-1.174 1.478 1.478 0 0 1 .72-2.865c6.76 1.701 16.318 2.599 27.641 2.599 11.318 0 20.87-.898 27.63-2.599a1.482 1.482 0 0 1 1.793 1.072 1.481 1.481 0 0 1-1.072 1.793 68.847 68.847 0 0 1-5.79 1.173l1.23 4.366c.516 2.168 1.305 2.038 2.829 2.165h3.05c.88 0 1.513-.207 1.932-.632.913-.921.89-2.84.875-3.986l-.003-.387V52.01c0-.097-.071-9.765-5.692-12.91a1.468 1.468 0 0 1-.703-.898L70.93 23.031c-.089-.413-1.775-8.017-8.74-8.017H35.822c-7.005 0-8.7 7.843-8.715 7.923L22.924 38.2c-.104.381-.358.706-.703.898-5.618 3.145-5.692 12.81-5.692 12.91l-.003 23.36c-.011 1.15-.032 3.069.88 3.99.423.425 1.052.632 1.93.632h3.056c1.545 0 2.31-.015 2.809-2.106l1.243-4.42zm9.3-22.323c4.65.88 11.736.872 13.155.889.036-.003.053 0 .098-.003h.162v.003c1.174.003 8.33.013 13.098-.86.886-2.955 3.568-5.111 6.731-5.111 3.884 0 7.042 3.248 7.042 7.238 0 3.989-3.158 7.234-7.042 7.234-3.58 0-6.546-2.764-6.985-6.321-4.453.702-10.17.773-12.25.773-.623.003-.727 0-1.35 0-2.106 0-7.923-.07-12.393-.796-.428 3.57-3.397 6.344-6.988 6.344-3.88 0-7.04-3.248-7.04-7.234 0-3.99 3.157-7.238 7.04-7.238 3.154 0 5.828 2.141 6.723 5.082zm-6.722-2.126c-2.253 0-4.087 1.922-4.087 4.285 0 2.362 1.834 4.281 4.087 4.281 2.254 0 4.088-1.92 4.088-4.281 0-2.363-1.834-4.285-4.088-4.285zm24.11-10.043h-8.276c-7.844-.18-13.382-.688-15.987-.977a1.475 1.475 0 0 1-1.306-1.63 1.485 1.485 0 0 1 1.63-1.306c2.558.284 8.002.786 15.698.96h8.205c7.676-.174 13.149-.676 15.724-.96a1.492 1.492 0 0 1 1.63 1.306 1.48 1.48 0 0 1-1.305 1.63c-2.626.289-8.193.8-16.014.977zm15.856 10.043c-2.253 0-4.087 1.922-4.087 4.285 0 2.362 1.834 4.281 4.087 4.281 2.254 0 4.088-1.92 4.088-4.281 0-2.363-1.834-4.285-4.088-4.285z"
              fill=""
            />
          </g>
        </svg>
      </div>
      <div
        className="sellersLinksLinkText"
      >
        <div
          className="sellersLinksLinkTextTitle"
        >
          PostNL
        </div>
        <div
          className="sellersLinksLinkTextDescription"
        >
          Online je verzending regelen
        </div>
      </div>
    </div>
  </div>
</div>
`;
