// Jest Snapshot v1, https://goo.gl/fbAQLP

exports[`<Query /> Snaphot must match defaultRender 1`] = `
<div
  className="query"
>
  Query
</div>
`;
