// Jest Snapshot v1, https://goo.gl/fbAQLP

exports[`<Links /> Snaphot must match defaultRender 1`] = `null`;
