// Jest Snapshot v1, https://goo.gl/fbAQLP

exports[`<BlankslatePage /> Snaphot must match blankslatePageDefault 1`] = `<div />`;
