// Jest Snapshot v1, https://goo.gl/fbAQLP

exports[`<Label /> Snaphot must match defaultRender 1`] = `null`;
