// Jest Snapshot v1, https://goo.gl/fbAQLP

exports[`<ButtonsTemplate /> Snaphot must match buttonsTemplateDefault 1`] = `
<div>
  <h2 />
  <div>
    Under construction
     
    <span
      aria-label="emoji"
      role="img"
    >
      ðŸ™‚
    </span>
    <div />
  </div>
</div>
`;
