// Jest Snapshot v1, https://goo.gl/fbAQLP

exports[`<LayoutPage /> Snaphot must match layoutPageDefault 1`] = `<div />`;
