// Jest Snapshot v1, https://goo.gl/fbAQLP

exports[`<MapLink /> Snaphot must match defaultRender 1`] = `
<div
  className="mapLink"
/>
`;
