// Jest Snapshot v1, https://goo.gl/fbAQLP

exports[`<Link /> Snaphot must match defaultRender 1`] = `
<div
  className="link"
>
  some text
</div>
`;
