// Jest Snapshot v1, https://goo.gl/fbAQLP

exports[`<UsefulLinks /> Snaphot must match defaultRender 1`] = `
<div
  className="usefulLinks"
/>
`;
