// Jest Snapshot v1, https://goo.gl/fbAQLP

exports[`<SearchBar /> Snaphot must match searchBarDefault 1`] = `null`;
