// Jest Snapshot v1, https://goo.gl/fbAQLP

exports[`<ErrorBoundary /> Snaphot must match errorBoundaryDefault 1`] = `<div />`;
