// Jest Snapshot v1, https://goo.gl/fbAQLP

exports[`<SearchBar /> Snaphot must match defaultRender 1`] = `null`;
