// Jest Snapshot v1, https://goo.gl/fbAQLP

exports[`<HomePage /> Snaphot must match defaultRender 1`] = `
<div
  className="homePage"
>
  <div />
</div>
`;
