// Jest Snapshot v1, https://goo.gl/fbAQLP

exports[`<UnderConstruction /> Snaphot must match underConstructionDefault 1`] = `null`;
