// Jest Snapshot v1, https://goo.gl/fbAQLP

exports[`<BreadcrumbPage /> Snaphot must match breadcrumbPageDefault 1`] = `<div />`;
