// Jest Snapshot v1, https://goo.gl/fbAQLP

exports[`<NotFoundPage /> Snaphot must match notFoundPageDefault 1`] = `null`;
