// Jest Snapshot v1, https://goo.gl/fbAQLP

exports[`<RouteWithSubRoutes /> Snaphot must match routeWithSubRoutesDefault 1`] = `null`;
