// Jest Snapshot v1, https://goo.gl/fbAQLP

exports[`<ButtonsPage /> Snaphot must match buttonsPageDefault 1`] = `<div />`;
