// Jest Snapshot v1, https://goo.gl/fbAQLP

exports[`<AvatarsPage /> Snaphot must match avatarsPageDefault 1`] = `<div />`;
