// Jest Snapshot v1, https://goo.gl/fbAQLP

exports[`<NoMatch /> Snaphot must match defaultRender 1`] = `null`;
