// Jest Snapshot v1, https://goo.gl/fbAQLP

exports[`<LabelsPage /> Snaphot must match labelsPageDefault 1`] = `<div />`;
