// Jest Snapshot v1, https://goo.gl/fbAQLP

exports[`<Button /> Snaphot must match defaultRender 1`] = `
<div
  className=""
>
  some children
</div>
`;
