// Jest Snapshot v1, https://goo.gl/fbAQLP

exports[`<Ribbon /> Snaphot must match defaultRender 1`] = `
<div
  className="ribbon"
/>
`;
