// Jest Snapshot v1, https://goo.gl/fbAQLP

exports[`<StartTemplate /> Snaphot must match startTemplateDefault 1`] = `null`;
